Toplam 86 dizi bulundu.
Gizli Milyarder Bölümler, Kısa Videolar, Haberler çekiliyor...
İkinci El Kralları Bölümler, Kısa Videolar, Haberler çekiliyor...
Sakkara: Hiyerogliflerin Sırrı Bölümler, Kısa Videolar, Haberler çekiliyor...
Robert Downey Jr.&#039;ın Rüya Arabaları Bölümler, Kısa Videolar, Haberler çekiliyor...
Ed Stafford ile Ormana Dönüş Bölümler, Kısa Videolar, Haberler çekiliyor...
Sakkara: Hiyerogliflerin Sırrı Bölümler, Kısa Videolar, Haberler tamamlandı, 0 bölüm bulundu.
Hurda Avcıları Bölümler, Kısa Videolar, Haberler çekiliyor...
Robert Downey Jr.&#039;ın Rüya Arabaları Bölümler, Kısa Videolar, Haberler tamamlandı, 6 bölüm bulundu.
Antik Mısır: Bir İmparatorluğun Güncesi Bölümler, Kısa Videolar, Haberler çekiliyor...
Ed Stafford ile Ormana Dönüş Bölümler, Kısa Videolar, Haberler tamamlandı, 12 bölüm bulundu.
Piramitler: Gizem Aydınlanıyor Bölümler, Kısa Videolar, Haberler çekiliyor...
Piramitler: Gizem Aydınlanıyor Bölümler, Kısa Videolar, Haberler tamamlandı, 0 bölüm bulundu.
Bir Soygunun İçinde Bölümler, Kısa Videolar, Haberler çekiliyor...
Antik Mısır: Bir İmparatorluğun Güncesi Bölümler, Kısa Videolar, Haberler tamamlandı, 8 bölüm bulundu.
Alaska Evleri Bölümler, Kısa Videolar, Haberler çekiliyor...
Bir Soygunun İçinde Bölümler, Kısa Videolar, Haberler tamamlandı, 12 bölüm bulundu.
Altın Peşinde Bölümler, Kısa Videolar, Haberler çekiliyor...
Gizli Milyarder Bölümler, Kısa Videolar, Haberler tamamlandı, 22 bölüm bulundu.
Ed Stafford ile Çingenelerle 60 Gün Bölümler, Kısa Videolar, Haberler çekiliyor...
Ed Stafford ile Çingenelerle 60 Gün Bölümler, Kısa Videolar, Haberler tamamlandı, 0 bölüm bulundu.
Sakın Yakalanma! Bölümler, Kısa Videolar, Haberler çekiliyor...
Sakın Yakalanma! Bölümler, Kısa Videolar, Haberler tamamlandı, 8 bölüm bulundu.
Denizde Can Derdinde Bölümler, Kısa Videolar, Haberler çekiliyor...
Denizde Can Derdinde Bölümler, Kısa Videolar, Haberler tamamlandı, 9 bölüm bulundu.
Biggie ve Tupac&#039;ı Kim Öldürdü? Bölümler, Kısa Videolar, Haberler çekiliyor...
Biggie ve Tupac&#039;ı Kim Öldürdü? Bölümler, Kısa Videolar, Haberler tamamlandı, 3 bölüm bulundu.
Escobar&#039;ın Kayıp Milyonları Bölümler, Kısa Videolar, Haberler çekiliyor...
Escobar&#039;ın Kayıp Milyonları Bölümler, Kısa Videolar, Haberler tamamlandı, 12 bölüm bulundu.
Tamirat Tadilat Bölümler, Kısa Videolar, Haberler çekiliyor...
Alaska Evleri Bölümler, Kısa Videolar, Haberler tamamlandı, 49 bölüm bulundu.
Alaska Üçgeni  Bölümler, Kısa Videolar, Haberler çekiliyor...
Hurda Avcıları Bölümler, Kısa Videolar, Haberler tamamlandı, 57 bölüm bulundu.
truva-ati-bir-efsanenin-izinde çekiliyor...
truva-ati-bir-efsanenin-izinde tamamlandı, 0 bölüm bulundu.
bilinmeyene-yolculuk-gelecege-donus çekiliyor...
bilinmeyene-yolculuk-gelecege-donus tamamlandı, 0 bölüm bulundu.
Alaska Üçgeni  Bölümler, Kısa Videolar, Haberler tamamlandı, 5 bölüm bulundu.
ed-stafford-ile-amazon-macerasi çekiliyor...
gizli-milyarder-ikinci-sans çekiliyor...
ed-stafford-ile-amazon-macerasi tamamlandı, 0 bölüm bulundu.
gizli-milyarder-ikinci-sans tamamlandı, 0 bölüm bulundu.
hazine-arayisi-yilan-adasi çekiliyor...
guyin-hawaii-tarzi çekiliyor...
hazine-arayisi-yilan-adasi tamamlandı, 0 bölüm bulundu.
Altın Peşinde Bölümler, Kısa Videolar, Haberler tamamlandı, 52 bölüm bulundu.
guyin-hawaii-tarzi tamamlandı, 0 bölüm bulundu.
mike-brewerin-araba-dunyasi çekiliyor...
yolda-ne-yiyoruz çekiliyor...
krallar-vadisi-kayip-mezarlar çekiliyor...
mike-brewerin-araba-dunyasi tamamlandı, 0 bölüm bulundu.
yolda-ne-yiyoruz tamamlandı, 0 bölüm bulundu.
krallar-vadisi-kayip-mezarlar tamamlandı, 0 bölüm bulundu.
everest-hava-kurtarma-ekibi çekiliyor...
uc-adam-dort-teker çekiliyor...
kurtul-bakalim çekiliyor...
everest-hava-kurtarma-ekibi tamamlandı, 0 bölüm bulundu.
uc-adam-dort-teker tamamlandı, 0 bölüm bulundu.
kurtul-bakalim tamamlandı, 0 bölüm bulundu.
lezzet-pesinde çekiliyor...
bear-grylls-ile-everest-mucadelesi çekiliyor...
hayalet-hastanesi çekiliyor...
lezzet-pesinde tamamlandı, 0 bölüm bulundu.
bear-grylls-ile-everest-mucadelesi tamamlandı, 0 bölüm bulundu.
hayalet-hastanesi tamamlandı, 0 bölüm bulundu.
ninja-warrior çekiliyor...
kirsalda-yasamak-zor çekiliyor...
antika-avcilari çekiliyor...
ninja-warrior tamamlandı, 0 bölüm bulundu.
kirsalda-yasamak-zor tamamlandı, 0 bölüm bulundu.
antika-avcilari tamamlandı, 0 bölüm bulundu.
usta-soforler çekiliyor...
korku-rotasi çekiliyor...
dogada-dimdizlak çekiliyor...
usta-soforler tamamlandı, 0 bölüm bulundu.
korku-rotasi tamamlandı, 0 bölüm bulundu.
dogada-dimdizlak tamamlandı, 0 bölüm bulundu.
İkinci El Kralları Bölümler, Kısa Videolar, Haberler tamamlandı, 82 bölüm bulundu.
Bering Boğazı&#039;nda Altın Bölümler, Kısa Videolar, Haberler çekiliyor...
everest-kurtarma-ekibi çekiliyor...
bear-grylls-ile-zor-kurtulus çekiliyor...
ed-stafford-ile-adada-60-gun çekiliyor...
everest-kurtarma-ekibi tamamlandı, 0 bölüm bulundu.
bear-grylls-ile-zor-kurtulus tamamlandı, 0 bölüm bulundu.
ed-stafford-ile-adada-60-gun tamamlandı, 0 bölüm bulundu.
morgan-freeman-ile-evrenin-sirlari çekiliyor...
alaskayi-mesken-tuttuk çekiliyor...
vahsi-frank çekiliyor...
morgan-freeman-ile-evrenin-sirlari tamamlandı, 0 bölüm bulundu.
alaskayi-mesken-tuttuk tamamlandı, 0 bölüm bulundu.
vahsi-frank tamamlandı, 0 bölüm bulundu.
megan-fox-ile-kayip-efsaneler çekiliyor...
hazinelerin-sirri çekiliyor...
bilinmeyene-yolculuk çekiliyor...
megan-fox-ile-kayip-efsaneler tamamlandı, 0 bölüm bulundu.
hazinelerin-sirri tamamlandı, 0 bölüm bulundu.
bilinmeyene-yolculuk tamamlandı, 0 bölüm bulundu.
tyson-kopekbaligina-karsi çekiliyor...
tamir-ustasi-ant-anstead çekiliyor...
alaskanin-uc-noktasi çekiliyor...
tyson-kopekbaligina-karsi tamamlandı, 0 bölüm bulundu.
tamir-ustasi-ant-anstead tamamlandı, 0 bölüm bulundu.
alaskanin-uc-noktasi tamamlandı, 0 bölüm bulundu.
nasil-yapilir çekiliyor...
ed-stafford-ve-ailesi-yabanda çekiliyor...
kirli-isler çekiliyor...
nasil-yapilir tamamlandı, 0 bölüm bulundu.
ed-stafford-ve-ailesi-yabanda tamamlandı, 0 bölüm bulundu.
kirli-isler tamamlandı, 0 bölüm bulundu.
ben-bunu-yerim çekiliyor...
hayvanlar-bunu-nasil-yapiyor çekiliyor...
apollo-kayip-kayitlar çekiliyor...
ben-bunu-yerim tamamlandı, 0 bölüm bulundu.
hayvanlar-bunu-nasil-yapiyor tamamlandı, 0 bölüm bulundu.
apollo-kayip-kayitlar tamamlandı, 0 bölüm bulundu.
yukonda-yasam çekiliyor...
goblin-works-garaji çekiliyor...
yabanda-kayip çekiliyor...
yukonda-yasam tamamlandı, 0 bölüm bulundu.
goblin-works-garaji tamamlandı, 0 bölüm bulundu.
yabanda-kayip tamamlandı, 0 bölüm bulundu.
yokolusun-sinirinda çekiliyor...
nasil-uretilmis çekiliyor...
ates-ve-yemek çekiliyor...
yokolusun-sinirinda tamamlandı, 0 bölüm bulundu.
nasil-uretilmis tamamlandı, 0 bölüm bulundu.
ates-ve-yemek tamamlandı, 0 bölüm bulundu.
canavar-timsah-isgali çekiliyor...
jeff-bezosun-uzay-yolculugu çekiliyor...
larry-ve-george-turkiyede çekiliyor...
canavar-timsah-isgali tamamlandı, 0 bölüm bulundu.
jeff-bezosun-uzay-yolculugu tamamlandı, 0 bölüm bulundu.
larry-ve-george-turkiyede tamamlandı, 0 bölüm bulundu.
nasanin-aciklanamayan-dosyalari çekiliyor...
merak-dunyanin-en-pis-adami çekiliyor...
dizel-kardesler çekiliyor...
nasanin-aciklanamayan-dosyalari tamamlandı, 0 bölüm bulundu.
merak-dunyanin-en-pis-adami tamamlandı, 0 bölüm bulundu.
dizel-kardesler tamamlandı, 0 bölüm bulundu.
her-sey-nasil-yapilir çekiliyor...
tesla-bir-cinayetin-perde-arkasi çekiliyor...
sas-cesaret-eden-kazanir çekiliyor...
her-sey-nasil-yapilir tamamlandı, 0 bölüm bulundu.
tesla-bir-cinayetin-perde-arkasi tamamlandı, 0 bölüm bulundu.
sas-cesaret-eden-kazanir tamamlandı, 0 bölüm bulundu.
bermuda-seytan-ucgeni-laneti çekiliyor...
altin-pesinde-parkerin-yolu çekiliyor...
emlak-savaslari çekiliyor...
bermuda-seytan-ucgeni-laneti tamamlandı, 0 bölüm bulundu.
altin-pesinde-parkerin-yolu tamamlandı, 0 bölüm bulundu.
emlak-savaslari tamamlandı, 0 bölüm bulundu.
nasanin-gelecege-yolculugu çekiliyor...
sira-disi-karavanlar çekiliyor...
amerikali-tarzan çekiliyor...
nasanin-gelecege-yolculugu tamamlandı, 0 bölüm bulundu.
sira-disi-karavanlar tamamlandı, 0 bölüm bulundu.
amerikali-tarzan tamamlandı, 0 bölüm bulundu.
sifreler-ve-komplolar çekiliyor...
gurkan-sef-ile-ates-oyunlari çekiliyor...
otoban çekiliyor...
sifreler-ve-komplolar tamamlandı, 0 bölüm bulundu.
gurkan-sef-ile-ates-oyunlari tamamlandı, 0 bölüm bulundu.
otoban tamamlandı, 0 bölüm bulundu.
denizkizlari-yeni-kanit çekiliyor...
gumruk-kontrol çekiliyor...
merak-yellowstone-ulusal-parki çekiliyor...
denizkizlari-yeni-kanit tamamlandı, 0 bölüm bulundu.
gumruk-kontrol tamamlandı, 0 bölüm bulundu.
merak-yellowstone-ulusal-parki tamamlandı, 0 bölüm bulundu.
maradonayi-olduren-sir çekiliyor...
maradonayi-olduren-sir tamamlandı, 0 bölüm bulundu.
Tamirat Tadilat Bölümler, Kısa Videolar, Haberler tamamlandı, 113 bölüm bulundu.
Bering Boğazı&#039;nda Altın Bölümler, Kısa Videolar, Haberler tamamlandı, 126 bölüm bulundu.
Tüm diziler işlendi!
